T229: Data.Array.Base.safe_scale: Overflow
CallStack (from HasCallStack):
  error, called at libraries/array/Data/Array/Base.hs:1374:17 in array-0.5.1.2:Data.Array.Base
